// Jest Snapshot v1, https://goo.gl/fbAQLP

exports[`glossary-card Basic renders as expected 1`] = `
<div
  className="mb6 w240 flex-child"
>
  <a
    className="color-gray-dark transition shadow-darken10-on-hover round clip inline-block w-full px12 py12 unprose"
    href="#donut"
    style={
      Object {
        "verticalAlign": "top",
      }
    }
  >
    <div
      className="px6 pb6"
    >
      <div
        className="mb6 txt-l"
      >
        Donut
      </div>
      <div
        className="txt-s color-gray"
      >
        A delicious fried dough treat typically shaped as a circle with a hole in the middle.
      </div>
    </div>
  </a>
</div>
`;
