// Jest Snapshot v1, https://goo.gl/fbAQLP

exports[`AnalyticsShell Basic renders as expected 1`] = `"Hello world!"`;
