// Jest Snapshot v1, https://goo.gl/fbAQLP

exports[`themes Custom tag renders as expected 1`] = `
<div>
  <div
    className="inline-block"
    onBlur={[Function]}
    onClick={[Function]}
    onFocus={[Function]}
    onKeyDown={[Function]}
  >
    <div
      aria-describedby="tooltip-7"
      className="txt-bold px6 round inline-block cursor-default txt-s border"
      style={
        Object {
          "background": "#FEDADA",
          "borderColor": "#FD8383",
          "color": "#DA2E30",
        }
      }
    >
      Limited access
    </div>
    <div
      className="hide-visually"
      id="tooltip-7"
      role="tooltip"
    >
      <div
        className="txt-s wmax120"
      >
        Contact us for access to this feature.
      </div>
    </div>
  </div>
  <div
    className="inline-block"
    onBlur={[Function]}
    onClick={[Function]}
    onFocus={[Function]}
    onKeyDown={[Function]}
  >
    <div
      aria-describedby="tooltip-8"
      className="txt-bold px6 round inline-block cursor-default txt-xs"
      style={
        Object {
          "background": "#FEDADA",
          "borderColor": "#FD8383",
          "color": "#DA2E30",
        }
      }
    >
      Limited access
    </div>
    <div
      className="hide-visually"
      id="tooltip-8"
      role="tooltip"
    >
      <div
        className="txt-s wmax120"
      >
        Contact us for access to this feature.
      </div>
    </div>
  </div>
</div>
`;

exports[`themes Default renders as expected 1`] = `
<div
  className="dr-ui--note py18 px18 round flex-parent flex-parent--row mb18"
  style={
    Object {
      "background": "#f4f7fb",
      "color": "#425870",
    }
  }
>
  <div
    className="flex-child mr18 none block-mm pt3"
  >
    <div
      className="bg-gray-light round-full color-gray flex-parent flex-parent--center-main flex-parent--center-cross"
      style={
        Object {
          "height": 50,
          "width": 50,
        }
      }
    >
      <svg
        className="events-none icon"
        focusable="false"
        role="presentation"
        style={
          Object {
            "height": 40,
            "width": 40,
          }
        }
      >
        <use
          xlinkHref="#icon-book"
          xmlnsXlink="http://www.w3.org/1999/xlink"
        />
      </svg>
    </div>
  </div>
  <div
    className="flex-child prose"
  >
    <div
      className="txt-bold txt-m mb6"
    >
      Note
    </div>
    Default note
  </div>
</div>
`;

exports[`themes beta renders as expected 1`] = `
<div>
  <div
    className="dr-ui--note py18 px18 round flex-parent flex-parent--row mb18"
    style={
      Object {
        "background": "#f1f3fd",
        "color": "#0c248d",
      }
    }
  >
    <div
      className="flex-child mr18 none block-mm pt3"
    >
      <div
        className="bg-blue-light round-full color-blue flex-parent flex-parent--center-main flex-parent--center-cross"
        style={
          Object {
            "height": 50,
            "width": 50,
          }
        }
      >
        <svg
          className="events-none icon"
          focusable="false"
          role="presentation"
          style={
            Object {
              "height": 40,
              "width": 40,
            }
          }
        >
          <use
            xlinkHref="#icon-marker"
            xmlnsXlink="http://www.w3.org/1999/xlink"
          />
        </svg>
      </div>
    </div>
    <div
      className="flex-child prose"
    >
      <div
        className="txt-bold txt-m mb6"
      >
        Beta
      </div>
      Beta note.
    </div>
  </div>
   
  <div
    className="inline-block"
    onBlur={[Function]}
    onClick={[Function]}
    onFocus={[Function]}
    onKeyDown={[Function]}
  >
    <div
      aria-describedby="tooltip-1"
      className="txt-bold px6 round inline-block cursor-default txt-s border"
      style={
        Object {
          "background": "#f1f3fd",
          "borderColor": "#0428c8",
          "color": "#0c248d",
        }
      }
    >
      Beta
    </div>
    <div
      className="hide-visually"
      id="tooltip-1"
      role="tooltip"
    >
      <div
        className="txt-s wmax120"
      >
        This feature is in public beta and is subject to changes.
      </div>
    </div>
  </div>
   
  <div
    className="inline-block"
    onBlur={[Function]}
    onClick={[Function]}
    onFocus={[Function]}
    onKeyDown={[Function]}
  >
    <div
      aria-describedby="tooltip-2"
      className="txt-bold px6 round inline-block cursor-default txt-xs"
      style={
        Object {
          "background": "#f1f3fd",
          "borderColor": "#0428c8",
          "color": "#0c248d",
        }
      }
    >
      Beta
    </div>
    <div
      className="hide-visually"
      id="tooltip-2"
      role="tooltip"
    >
      <div
        className="txt-s wmax120"
      >
        This feature is in public beta and is subject to changes.
      </div>
    </div>
  </div>
</div>
`;

exports[`themes download renders as expected 1`] = `
<div
  className="dr-ui--note py18 px18 round flex-parent flex-parent--row mb18"
  style={
    Object {
      "background": "#f2effa",
      "color": "#452f92",
    }
  }
>
  <div
    className="flex-child mr18 none block-mm pt3"
  >
    <div
      className="bg-purple-light round-full color-purple flex-parent flex-parent--center-main flex-parent--center-cross"
      style={
        Object {
          "height": 50,
          "width": 50,
        }
      }
    >
      <svg
        className="events-none icon"
        focusable="false"
        role="presentation"
        style={
          Object {
            "height": 40,
            "width": 40,
          }
        }
      >
        <use
          xlinkHref="#icon-arrow-down"
          xmlnsXlink="http://www.w3.org/1999/xlink"
        />
      </svg>
    </div>
  </div>
  <div
    className="flex-child prose"
  >
    <div
      className="txt-bold txt-m mb6"
    >
      Download
    </div>
    download note
  </div>
</div>
`;

exports[`themes error renders as expected 1`] = `
<div
  className="dr-ui--note py18 px18 round flex-parent flex-parent--row mb18"
  style={
    Object {
      "background": "#fbe5e5",
      "color": "#9b3134",
    }
  }
>
  <div
    className="flex-child mr18 none block-mm pt3"
  >
    <div
      className="bg-red-light round-full color-red flex-parent flex-parent--center-main flex-parent--center-cross"
      style={
        Object {
          "height": 50,
          "width": 50,
        }
      }
    >
      <svg
        className="events-none icon"
        focusable="false"
        role="presentation"
        style={
          Object {
            "height": 40,
            "width": 40,
          }
        }
      >
        <use
          xlinkHref="#icon-alert"
          xmlnsXlink="http://www.w3.org/1999/xlink"
        />
      </svg>
    </div>
  </div>
  <div
    className="flex-child prose"
  >
    <div
      className="txt-bold txt-m mb6"
    >
      Error
    </div>
    error note
  </div>
</div>
`;

exports[`themes fundamentals renders as expected 1`] = `
<div>
  <div
    className="inline-block"
    onBlur={[Function]}
    onClick={[Function]}
    onFocus={[Function]}
    onKeyDown={[Function]}
  >
    <div
      aria-describedby="tooltip-5"
      className="txt-bold px6 round inline-block cursor-default txt-s border"
      style={
        Object {
          "background": "#fff0f7",
          "borderColor": "#fd8ac0",
          "color": "#cf1c61",
        }
      }
    >
      Fundamentals
    </div>
    <div
      className="hide-visually"
      id="tooltip-5"
      role="tooltip"
    >
      <div
        className="txt-s wmax120"
      >
        The concepts described here are fundamental to using this product.
      </div>
    </div>
  </div>
  <div
    className="inline-block"
    onBlur={[Function]}
    onClick={[Function]}
    onFocus={[Function]}
    onKeyDown={[Function]}
  >
    <div
      aria-describedby="tooltip-6"
      className="txt-bold px6 round inline-block cursor-default txt-xs"
      style={
        Object {
          "background": "#fff0f7",
          "borderColor": "#fd8ac0",
          "color": "#cf1c61",
        }
      }
    >
      Fundamentals
    </div>
    <div
      className="hide-visually"
      id="tooltip-6"
      role="tooltip"
    >
      <div
        className="txt-s wmax120"
      >
        The concepts described here are fundamental to using this product.
      </div>
    </div>
  </div>
</div>
`;

exports[`themes legacy or warning renders as expected 1`] = `
<div>
  <div
    className="dr-ui--note py18 px18 round flex-parent flex-parent--row mb18"
    style={
      Object {
        "background": "#feefe2",
        "color": "#78471c",
      }
    }
  >
    <div
      className="flex-child mr18 none block-mm pt3"
    >
      <div
        className="bg-orange-light round-full color-orange flex-parent flex-parent--center-main flex-parent--center-cross"
        style={
          Object {
            "height": 50,
            "width": 50,
          }
        }
      >
        <svg
          className="events-none icon"
          focusable="false"
          role="presentation"
          style={
            Object {
              "height": 40,
              "width": 40,
            }
          }
        >
          <use
            xlinkHref="#icon-alert"
            xmlnsXlink="http://www.w3.org/1999/xlink"
          />
        </svg>
      </div>
    </div>
    <div
      className="flex-child prose"
    >
      <div
        className="txt-bold txt-m mb6"
      >
        Legacy
      </div>
      legacy note
    </div>
  </div>
  <div
    className="inline-block"
    onBlur={[Function]}
    onClick={[Function]}
    onFocus={[Function]}
    onKeyDown={[Function]}
  >
    <div
      aria-describedby="tooltip-3"
      className="txt-bold px6 round inline-block cursor-default txt-s border"
      style={
        Object {
          "background": "#feefe2",
          "borderColor": "#ba6e2c",
          "color": "#78471c",
        }
      }
    >
      Legacy
    </div>
    <div
      className="hide-visually"
      id="tooltip-3"
      role="tooltip"
    >
      <div
        className="txt-s wmax120"
      >
        This feature is no longer in active development.
      </div>
    </div>
  </div>
  <div
    className="inline-block"
    onBlur={[Function]}
    onClick={[Function]}
    onFocus={[Function]}
    onKeyDown={[Function]}
  >
    <div
      aria-describedby="tooltip-4"
      className="txt-bold px6 round inline-block cursor-default txt-xs"
      style={
        Object {
          "background": "#feefe2",
          "borderColor": "#ba6e2c",
          "color": "#78471c",
        }
      }
    >
      Legacy
    </div>
    <div
      className="hide-visually"
      id="tooltip-4"
      role="tooltip"
    >
      <div
        className="txt-s wmax120"
      >
        This feature is no longer in active development.
      </div>
    </div>
  </div>
</div>
`;
