// Jest Snapshot v1, https://goo.gl/fbAQLP

exports[`level-indicator Basic renders as expected 1`] = `
<div>
  <div
    className="flex-parent flex-parent--center-cross"
  >
    <div
      className="inline-block w6 bg-green align-middle mr3"
      style={
        Object {
          "borderRadius": "1px",
          "height": "8px",
        }
      }
    />
    <div
      className="inline-block w6 bg-gray-light align-middle mr3"
      style={
        Object {
          "borderRadius": "1px",
          "height": "8px",
        }
      }
    />
    <div
      className="inline-block w6 bg-gray-light align-middle mr3"
      style={
        Object {
          "borderRadius": "1px",
          "height": "8px",
        }
      }
    />
    <div
      className="inline-block color-green ml3"
    >
      Beginner
    </div>
  </div>
  <div
    className="flex-parent flex-parent--center-cross"
  >
    <div
      className="inline-block w6 bg-orange align-middle mr3"
      style={
        Object {
          "borderRadius": "1px",
          "height": "8px",
        }
      }
    />
    <div
      className="inline-block w6 bg-orange align-middle mr3"
      style={
        Object {
          "borderRadius": "1px",
          "height": "8px",
        }
      }
    />
    <div
      className="inline-block w6 bg-gray-light align-middle mr3"
      style={
        Object {
          "borderRadius": "1px",
          "height": "8px",
        }
      }
    />
    <div
      className="inline-block color-orange ml3"
    >
      Intermediate
    </div>
  </div>
  <div
    className="flex-parent flex-parent--center-cross"
  >
    <div
      className="inline-block w6 bg-red align-middle mr3"
      style={
        Object {
          "borderRadius": "1px",
          "height": "8px",
        }
      }
    />
    <div
      className="inline-block w6 bg-red align-middle mr3"
      style={
        Object {
          "borderRadius": "1px",
          "height": "8px",
        }
      }
    />
    <div
      className="inline-block w6 bg-red align-middle mr3"
      style={
        Object {
          "borderRadius": "1px",
          "height": "8px",
        }
      }
    />
    <div
      className="inline-block color-red ml3"
    >
      Advanced
    </div>
  </div>
</div>
`;
