// Jest Snapshot v1, https://goo.gl/fbAQLP

exports[`buildNavigation help glossary is sorted alphabetical 1`] = `
Object {
  "/help/glossary/": Array [
    Object {
      "path": "/help/glossary/access-token/",
      "title": "access token",
    },
    Object {
      "path": "/help/glossary/annotation/",
      "title": "annotation",
    },
    Object {
      "path": "/help/glossary/attribution/",
      "title": "attribution",
    },
    Object {
      "path": "/help/glossary/baselayer/",
      "title": "baselayer",
    },
    Object {
      "path": "/help/glossary/bearing/",
      "title": "bearing",
    },
    Object {
      "path": "/help/glossary/bounding-box/",
      "title": "bounding box",
    },
    Object {
      "path": "/help/glossary/camera/",
      "title": "camera",
    },
    Object {
      "path": "/help/glossary/cartocss/",
      "title": "CartoCSS",
    },
    Object {
      "path": "/help/glossary/classic-style/",
      "title": "classic style",
    },
    Object {
      "path": "/help/glossary/csv/",
      "title": "CSV",
    },
    Object {
      "path": "/help/glossary/data-driven-styling/",
      "title": "data-driven styling",
    },
    Object {
      "path": "/help/glossary/dataset/",
      "title": "dataset",
    },
    Object {
      "path": "/help/glossary/dataset-id/",
      "title": "dataset ID",
    },
    Object {
      "path": "/help/glossary/datasets-api/",
      "title": "Datasets API",
    },
    Object {
      "path": "/help/glossary/directions-api/",
      "title": "Directions API",
    },
    Object {
      "path": "/help/glossary/expression/",
      "title": "expression",
    },
    Object {
      "path": "/help/glossary/features/",
      "title": "feature",
    },
    Object {
      "path": "/help/glossary/feature-querying/",
      "title": "feature querying",
    },
    Object {
      "path": "/help/glossary/filter/",
      "title": "filter",
    },
    Object {
      "path": "/help/glossary/font-stack/",
      "title": "font stack",
    },
    Object {
      "path": "/help/glossary/geocoding/",
      "title": "geocoding",
    },
    Object {
      "path": "/help/glossary/geocoding-api/",
      "title": "Geocoding API",
    },
    Object {
      "path": "/help/glossary/geojson/",
      "title": "GeoJSON",
    },
    Object {
      "path": "/help/glossary/gpx/",
      "title": "GPX",
    },
    Object {
      "path": "/help/glossary/iframe/",
      "title": "iframe",
    },
    Object {
      "path": "/help/glossary/isochrone-api/",
      "title": "Isochrone API",
    },
    Object {
      "path": "/help/glossary/kml/",
      "title": "KML",
    },
    Object {
      "path": "/help/glossary/lat-lon/",
      "title": "latitude and longitude",
    },
    Object {
      "path": "/help/glossary/layout-paint-property/",
      "title": "layout and paint properties",
    },
    Object {
      "path": "/help/glossary/leaflet/",
      "title": "Leaflet",
    },
    Object {
      "path": "/help/glossary/maki/",
      "title": "Maki icon set",
    },
    Object {
      "path": "/help/glossary/map-id/",
      "title": "map ID",
    },
    Object {
      "path": "/help/glossary/map-loads/",
      "title": "map loads",
    },
    Object {
      "path": "/help/glossary/map-matching-api/",
      "title": "Map Matching API",
    },
    Object {
      "path": "/help/glossary/map-view/",
      "title": "map view",
    },
    Object {
      "path": "/help/glossary/mapbox-components-for-framer-x/",
      "title": "Mapbox components for Framer X",
    },
    Object {
      "path": "/help/glossary/mapbox-editor/",
      "title": "Mapbox Editor",
    },
    Object {
      "path": "/help/glossary/mapbox-gl/",
      "title": "Mapbox GL",
    },
    Object {
      "path": "/help/glossary/mapbox-gl-js/",
      "title": "Mapbox GL JS",
    },
    Object {
      "path": "/help/glossary/mapbox-android-sdk/",
      "title": "Mapbox Maps SDK for Android",
    },
    Object {
      "path": "/help/glossary/mapbox-ios-sdk/",
      "title": "Mapbox Maps SDK for iOS",
    },
    Object {
      "path": "/help/glossary/mapbox-maps-sdk-for-unity/",
      "title": "Mapbox Maps SDK for Unity",
    },
    Object {
      "path": "/help/glossary/matrix-api-elements/",
      "title": "Mapbox Matrix API elements",
    },
    Object {
      "path": "/help/glossary/mapbox-navigation-sdk/",
      "title": "Mapbox Navigation SDKs",
    },
    Object {
      "path": "/help/glossary/mapbox-satellite/",
      "title": "Mapbox Satellite",
    },
    Object {
      "path": "/help/glossary/mapbox-studio/",
      "title": "Mapbox Studio",
    },
    Object {
      "path": "/help/glossary/mapbox-studio-classic/",
      "title": "Mapbox Studio Classic",
    },
    Object {
      "path": "/help/glossary/mapbox-tiling-service/",
      "title": "Mapbox Tiling Service (MTS)",
    },
    Object {
      "path": "/help/glossary/mapbox-js/",
      "title": "Mapbox.js",
    },
    Object {
      "path": "/help/glossary/mapnik/",
      "title": "Mapnik",
    },
    Object {
      "path": "/help/glossary/maps-sdk-for-react-native/",
      "title": "Maps SDK for React Native",
    },
    Object {
      "path": "/help/glossary/marker/",
      "title": "marker",
    },
    Object {
      "path": "/help/glossary/matrix-api/",
      "title": "Matrix API",
    },
    Object {
      "path": "/help/glossary/mbtiles/",
      "title": "MBTiles",
    },
    Object {
      "path": "/help/glossary/monthly-active-users/",
      "title": "monthly active users",
    },
    Object {
      "path": "/help/glossary/offline-region/",
      "title": "offline regions and offline packs",
    },
    Object {
      "path": "/help/glossary/osm/",
      "title": "OpenStreetMap",
    },
    Object {
      "path": "/help/glossary/optimization-api/",
      "title": "Optimization API",
    },
    Object {
      "path": "/help/glossary/overzoom/",
      "title": "overzoom",
    },
    Object {
      "path": "/help/glossary/point/",
      "title": "point",
    },
    Object {
      "path": "/help/glossary/projection/",
      "title": "projection",
    },
    Object {
      "path": "/help/glossary/quadtree/",
      "title": "quadtree",
    },
    Object {
      "path": "/help/glossary/raster/",
      "title": "raster data",
    },
    Object {
      "path": "/help/glossary/raster-tiles-api/",
      "title": "Raster Tiles API",
    },
    Object {
      "path": "/help/glossary/routing-profile/",
      "title": "routing profile",
    },
    Object {
      "path": "/help/glossary/runtime-styling/",
      "title": "runtime styling",
    },
    Object {
      "path": "/help/glossary/shapefile/",
      "title": "shapefile",
    },
    Object {
      "path": "/help/glossary/simplestyle/",
      "title": "simplestyle",
    },
    Object {
      "path": "/help/glossary/sku-token/",
      "title": "SKU tokens",
    },
    Object {
      "path": "/help/glossary/source/",
      "title": "source",
    },
    Object {
      "path": "/help/glossary/source-layer/",
      "title": "source layer",
    },
    Object {
      "path": "/help/glossary/sprite/",
      "title": "sprite",
    },
    Object {
      "path": "/help/glossary/static-images-api/",
      "title": "Static Images API",
    },
    Object {
      "path": "/help/glossary/static-tiles-api/",
      "title": "Static Tiles API",
    },
    Object {
      "path": "/help/glossary/style/",
      "title": "style",
    },
    Object {
      "path": "/help/glossary/style-component/",
      "title": "style component",
    },
    Object {
      "path": "/help/glossary/style-id/",
      "title": "style ID",
    },
    Object {
      "path": "/help/glossary/layer/",
      "title": "style layer",
    },
    Object {
      "path": "/help/glossary/style-url/",
      "title": "style URL",
    },
    Object {
      "path": "/help/glossary/style-optimized-vector-tiles/",
      "title": "style-optimized vector tiles",
    },
    Object {
      "path": "/help/glossary/styles-api/",
      "title": "Styles API",
    },
    Object {
      "path": "/help/glossary/svg/",
      "title": "SVG",
    },
    Object {
      "path": "/help/glossary/symbol-layer/",
      "title": "symbol layer",
    },
    Object {
      "path": "/help/glossary/telemetry/",
      "title": "telemetry",
    },
    Object {
      "path": "/help/glossary/tiff/",
      "title": "TIFF",
    },
    Object {
      "path": "/help/glossary/tilejson/",
      "title": "TileJSON",
    },
    Object {
      "path": "/help/glossary/tilemill/",
      "title": "TileMill",
    },
    Object {
      "path": "/help/glossary/tilequery-api/",
      "title": "Tilequery API",
    },
    Object {
      "path": "/help/glossary/tileset/",
      "title": "tileset",
    },
    Object {
      "path": "/help/glossary/tileset-id/",
      "title": "tileset ID",
    },
    Object {
      "path": "/help/glossary/tileset-recipe/",
      "title": "tileset recipe",
    },
    Object {
      "path": "/help/glossary/tileset-source/",
      "title": "tileset source",
    },
    Object {
      "path": "/help/glossary/tokens-api/",
      "title": "Tokens API",
    },
    Object {
      "path": "/help/glossary/turf/",
      "title": "Turf.js",
    },
    Object {
      "path": "/help/glossary/uploads-api/",
      "title": "Uploads API",
    },
    Object {
      "path": "/help/glossary/vector-tiles/",
      "title": "vector tiles",
    },
    Object {
      "path": "/help/glossary/vector-tiles-api/",
      "title": "Vector Tiles API",
    },
    Object {
      "path": "/help/glossary/wordpress/",
      "title": "WordPress map block",
    },
    Object {
      "path": "/help/glossary/worldview/",
      "title": "worldview",
    },
    Object {
      "path": "/help/glossary/zoom-extent/",
      "title": "zoom extent",
    },
    Object {
      "path": "/help/glossary/zoom-level/",
      "title": "zoom level",
    },
  ],
  "/help/how-mapbox-works/": Array [
    Object {
      "path": "/help/how-mapbox-works/",
      "title": "How Mapbox Works",
    },
    Object {
      "path": "/help/how-mapbox-works/access-tokens/",
      "title": "Access tokens",
    },
    Object {
      "path": "/help/how-mapbox-works/attribution/",
      "title": "Attribution",
    },
    Object {
      "path": "/help/how-mapbox-works/creating-data/",
      "title": "Create new data",
    },
    Object {
      "path": "/help/how-mapbox-works/directions/",
      "title": "Directions",
    },
    Object {
      "path": "/help/how-mapbox-works/geocoding/",
      "title": "Geocoding",
    },
    Object {
      "path": "/help/how-mapbox-works/geospatial-analysis/",
      "title": "Spatial analysis",
    },
    Object {
      "path": "/help/how-mapbox-works/map-design/",
      "title": "Map design",
    },
    Object {
      "path": "/help/how-mapbox-works/mapbox-data/",
      "title": "Our map data",
    },
    Object {
      "path": "/help/how-mapbox-works/mobile-apps/",
      "title": "Mobile applications",
    },
    Object {
      "path": "/help/how-mapbox-works/satellite-imagery/",
      "title": "Satellite imagery",
    },
    Object {
      "path": "/help/how-mapbox-works/static-maps/",
      "title": "Static and print maps",
    },
    Object {
      "path": "/help/how-mapbox-works/unity/",
      "title": "Unity applications",
    },
    Object {
      "path": "/help/how-mapbox-works/uploading-data/",
      "title": "Upload data",
    },
    Object {
      "path": "/help/how-mapbox-works/web-apps/",
      "title": "Web applications",
    },
  ],
}
`;

exports[`buildNavigation hideFromNav, removes items 1`] = `
Object {
  "accordion": Object {
    "/dr-ui/level-one/": Array [
      Object {
        "path": "/dr-ui/level-one/b/",
        "title": "Page b",
      },
      Object {
        "path": "/dr-ui/level-one/",
        "title": "Top page",
      },
    ],
  },
  "hierarchy": Object {
    "/dr-ui/level-one/": Object {
      "parent": "/dr-ui/level-one/",
      "title": "Top page",
    },
    "/dr-ui/level-one/a/": Object {
      "parent": "/dr-ui/level-one/",
      "title": "Top page",
    },
    "/dr-ui/level-one/b/": Object {
      "parent": "/dr-ui/level-one/",
      "title": "Top page",
    },
  },
  "navTabs": Array [
    Object {
      "href": "/dr-ui/level-one/",
      "id": "/dr-ui/level-one/",
      "label": "Top page",
    },
  ],
}
`;

exports[`buildNavigation multi structure 1`] = `
Object {
  "beta/navigation": Object {
    "accordion": Object {
      "/docs-starter-kit/beta/navigation/overview/": Array [
        Object {
          "path": "/docs-starter-kit/beta/navigation/overview/",
          "title": "Overview",
        },
        Object {
          "path": "/docs-starter-kit/beta/navigation/overview/layouts/",
          "title": "Layouts",
        },
        Object {
          "path": "/docs-starter-kit/beta/navigation/overview/navigation/",
          "title": "Navigation",
        },
        Object {
          "path": "/docs-starter-kit/beta/navigation/overview/images/",
          "title": "Images and videos",
        },
        Object {
          "path": "/docs-starter-kit/beta/navigation/overview/constants/",
          "title": "Constants",
        },
        Object {
          "path": "/docs-starter-kit/beta/navigation/overview/frontmatter/",
          "tag": "fundamentals",
          "title": "Frontmatter",
        },
      ],
    },
    "navTabs": Array [
      Object {
        "href": "/docs-starter-kit/beta/navigation/overview/",
        "id": "/docs-starter-kit/beta/navigation/overview/",
        "label": "Overview",
      },
      Object {
        "href": "/docs-starter-kit/beta/navigation/specification/",
        "id": "/docs-starter-kit/beta/navigation/specification/",
        "label": "Specification",
      },
      Object {
        "href": "/docs-starter-kit/beta/navigation/examples/",
        "id": "/docs-starter-kit/beta/navigation/examples/",
        "label": "Examples",
      },
    ],
    "path": "beta/navigation",
    "tag": "beta",
    "title": "Beta Navigation SDK for iOS",
  },
  "hierarchy": Object {
    "/docs-starter-kit/beta/navigation/examples/": Object {
      "parent": "/docs-starter-kit/beta/navigation/examples/",
      "section": Object {
        "path": "beta/navigation",
        "title": "Beta Navigation SDK for iOS",
      },
      "title": "Examples",
    },
    "/docs-starter-kit/beta/navigation/examples/example-1/": Object {
      "parent": "/docs-starter-kit/beta/navigation/examples/",
      "section": Object {
        "path": "beta/navigation",
        "title": "Beta Navigation SDK for iOS",
      },
      "title": "Examples",
    },
    "/docs-starter-kit/beta/navigation/examples/example-2/": Object {
      "parent": "/docs-starter-kit/beta/navigation/examples/",
      "section": Object {
        "path": "beta/navigation",
        "title": "Beta Navigation SDK for iOS",
      },
      "title": "Examples",
    },
    "/docs-starter-kit/beta/navigation/examples/example-3/": Object {
      "parent": "/docs-starter-kit/beta/navigation/examples/",
      "section": Object {
        "path": "beta/navigation",
        "title": "Beta Navigation SDK for iOS",
      },
      "title": "Examples",
    },
    "/docs-starter-kit/beta/navigation/overview/": Object {
      "parent": "/docs-starter-kit/beta/navigation/overview/",
      "section": Object {
        "path": "beta/navigation",
        "title": "Beta Navigation SDK for iOS",
      },
      "title": "Overview",
    },
    "/docs-starter-kit/beta/navigation/overview/constants/": Object {
      "parent": "/docs-starter-kit/beta/navigation/overview/",
      "section": Object {
        "path": "beta/navigation",
        "title": "Beta Navigation SDK for iOS",
      },
      "title": "Overview",
    },
    "/docs-starter-kit/beta/navigation/overview/frontmatter/": Object {
      "parent": "/docs-starter-kit/beta/navigation/overview/",
      "section": Object {
        "path": "beta/navigation",
        "title": "Beta Navigation SDK for iOS",
      },
      "title": "Overview",
    },
    "/docs-starter-kit/beta/navigation/overview/images/": Object {
      "parent": "/docs-starter-kit/beta/navigation/overview/",
      "section": Object {
        "path": "beta/navigation",
        "title": "Beta Navigation SDK for iOS",
      },
      "title": "Overview",
    },
    "/docs-starter-kit/beta/navigation/overview/layouts/": Object {
      "parent": "/docs-starter-kit/beta/navigation/overview/",
      "section": Object {
        "path": "beta/navigation",
        "title": "Beta Navigation SDK for iOS",
      },
      "title": "Overview",
    },
    "/docs-starter-kit/beta/navigation/overview/navigation/": Object {
      "parent": "/docs-starter-kit/beta/navigation/overview/",
      "section": Object {
        "path": "beta/navigation",
        "title": "Beta Navigation SDK for iOS",
      },
      "title": "Overview",
    },
    "/docs-starter-kit/beta/navigation/specification/": Object {
      "parent": "/docs-starter-kit/beta/navigation/specification/",
      "section": Object {
        "path": "beta/navigation",
        "title": "Beta Navigation SDK for iOS",
      },
      "title": "Specification",
    },
    "/docs-starter-kit/maps/examples/": Object {
      "parent": "/docs-starter-kit/maps/examples/",
      "section": Object {
        "path": "maps",
        "title": "Maps SDK for iOS",
      },
      "title": "Examples",
    },
    "/docs-starter-kit/maps/examples/example-1/": Object {
      "parent": "/docs-starter-kit/maps/examples/",
      "section": Object {
        "path": "maps",
        "title": "Maps SDK for iOS",
      },
      "title": "Examples",
    },
    "/docs-starter-kit/maps/examples/example-2/": Object {
      "parent": "/docs-starter-kit/maps/examples/",
      "section": Object {
        "path": "maps",
        "title": "Maps SDK for iOS",
      },
      "title": "Examples",
    },
    "/docs-starter-kit/maps/examples/example-3/": Object {
      "parent": "/docs-starter-kit/maps/examples/",
      "section": Object {
        "path": "maps",
        "title": "Maps SDK for iOS",
      },
      "title": "Examples",
    },
    "/docs-starter-kit/maps/overview/": Object {
      "parent": "/docs-starter-kit/maps/overview/",
      "section": Object {
        "path": "maps",
        "title": "Maps SDK for iOS",
      },
      "title": "Overview",
    },
    "/docs-starter-kit/maps/overview/constants/": Object {
      "parent": "/docs-starter-kit/maps/overview/",
      "section": Object {
        "path": "maps",
        "title": "Maps SDK for iOS",
      },
      "title": "Overview",
    },
    "/docs-starter-kit/maps/overview/frontmatter/": Object {
      "parent": "/docs-starter-kit/maps/overview/",
      "section": Object {
        "path": "maps",
        "title": "Maps SDK for iOS",
      },
      "title": "Overview",
    },
    "/docs-starter-kit/maps/overview/images/": Object {
      "parent": "/docs-starter-kit/maps/overview/",
      "section": Object {
        "path": "maps",
        "title": "Maps SDK for iOS",
      },
      "title": "Overview",
    },
    "/docs-starter-kit/maps/overview/layouts/": Object {
      "parent": "/docs-starter-kit/maps/overview/",
      "section": Object {
        "path": "maps",
        "title": "Maps SDK for iOS",
      },
      "title": "Overview",
    },
    "/docs-starter-kit/maps/overview/navigation/": Object {
      "parent": "/docs-starter-kit/maps/overview/",
      "section": Object {
        "path": "maps",
        "title": "Maps SDK for iOS",
      },
      "title": "Overview",
    },
    "/docs-starter-kit/maps/specification/": Object {
      "parent": "/docs-starter-kit/maps/specification/",
      "section": Object {
        "path": "maps",
        "title": "Maps SDK for iOS",
      },
      "title": "Specification",
    },
    "/docs-starter-kit/navigation/examples/": Object {
      "parent": "/docs-starter-kit/navigation/examples/",
      "section": Object {
        "path": "navigation",
        "title": "Navigation SDK for iOS",
      },
      "title": "Examples",
    },
    "/docs-starter-kit/navigation/examples/example-1/": Object {
      "parent": "/docs-starter-kit/navigation/examples/",
      "section": Object {
        "path": "navigation",
        "title": "Navigation SDK for iOS",
      },
      "title": "Examples",
    },
    "/docs-starter-kit/navigation/examples/example-2/": Object {
      "parent": "/docs-starter-kit/navigation/examples/",
      "section": Object {
        "path": "navigation",
        "title": "Navigation SDK for iOS",
      },
      "title": "Examples",
    },
    "/docs-starter-kit/navigation/examples/example-3/": Object {
      "parent": "/docs-starter-kit/navigation/examples/",
      "section": Object {
        "path": "navigation",
        "title": "Navigation SDK for iOS",
      },
      "title": "Examples",
    },
    "/docs-starter-kit/navigation/overview/": Object {
      "parent": "/docs-starter-kit/navigation/overview/",
      "section": Object {
        "path": "navigation",
        "title": "Navigation SDK for iOS",
      },
      "title": "Overview",
    },
    "/docs-starter-kit/navigation/overview/constants/": Object {
      "parent": "/docs-starter-kit/navigation/overview/",
      "section": Object {
        "path": "navigation",
        "title": "Navigation SDK for iOS",
      },
      "title": "Overview",
    },
    "/docs-starter-kit/navigation/overview/frontmatter/": Object {
      "parent": "/docs-starter-kit/navigation/overview/",
      "section": Object {
        "path": "navigation",
        "title": "Navigation SDK for iOS",
      },
      "title": "Overview",
    },
    "/docs-starter-kit/navigation/overview/images/": Object {
      "parent": "/docs-starter-kit/navigation/overview/",
      "section": Object {
        "path": "navigation",
        "title": "Navigation SDK for iOS",
      },
      "title": "Overview",
    },
    "/docs-starter-kit/navigation/overview/layouts/": Object {
      "parent": "/docs-starter-kit/navigation/overview/",
      "section": Object {
        "path": "navigation",
        "title": "Navigation SDK for iOS",
      },
      "title": "Overview",
    },
    "/docs-starter-kit/navigation/overview/navigation/": Object {
      "parent": "/docs-starter-kit/navigation/overview/",
      "section": Object {
        "path": "navigation",
        "title": "Navigation SDK for iOS",
      },
      "title": "Overview",
    },
    "/docs-starter-kit/navigation/specification/": Object {
      "parent": "/docs-starter-kit/navigation/specification/",
      "section": Object {
        "path": "navigation",
        "title": "Navigation SDK for iOS",
      },
      "title": "Specification",
    },
    "/docs-starter-kit/vision/examples/": Object {
      "parent": "/docs-starter-kit/vision/examples/",
      "section": Object {
        "path": "vision",
        "title": "Vision SDK for iOS",
      },
      "title": "Examples",
    },
    "/docs-starter-kit/vision/examples/example-1/": Object {
      "parent": "/docs-starter-kit/vision/examples/",
      "section": Object {
        "path": "vision",
        "title": "Vision SDK for iOS",
      },
      "title": "Examples",
    },
    "/docs-starter-kit/vision/examples/example-2/": Object {
      "parent": "/docs-starter-kit/vision/examples/",
      "section": Object {
        "path": "vision",
        "title": "Vision SDK for iOS",
      },
      "title": "Examples",
    },
    "/docs-starter-kit/vision/examples/example-3/": Object {
      "parent": "/docs-starter-kit/vision/examples/",
      "section": Object {
        "path": "vision",
        "title": "Vision SDK for iOS",
      },
      "title": "Examples",
    },
    "/docs-starter-kit/vision/overview/": Object {
      "parent": "/docs-starter-kit/vision/overview/",
      "section": Object {
        "path": "vision",
        "title": "Vision SDK for iOS",
      },
      "title": "Overview",
    },
    "/docs-starter-kit/vision/overview/constants/": Object {
      "parent": "/docs-starter-kit/vision/overview/",
      "section": Object {
        "path": "vision",
        "title": "Vision SDK for iOS",
      },
      "title": "Overview",
    },
    "/docs-starter-kit/vision/overview/frontmatter/": Object {
      "parent": "/docs-starter-kit/vision/overview/",
      "section": Object {
        "path": "vision",
        "title": "Vision SDK for iOS",
      },
      "title": "Overview",
    },
    "/docs-starter-kit/vision/overview/images/": Object {
      "parent": "/docs-starter-kit/vision/overview/",
      "section": Object {
        "path": "vision",
        "title": "Vision SDK for iOS",
      },
      "title": "Overview",
    },
    "/docs-starter-kit/vision/overview/layouts/": Object {
      "parent": "/docs-starter-kit/vision/overview/",
      "section": Object {
        "path": "vision",
        "title": "Vision SDK for iOS",
      },
      "title": "Overview",
    },
    "/docs-starter-kit/vision/overview/navigation/": Object {
      "parent": "/docs-starter-kit/vision/overview/",
      "section": Object {
        "path": "vision",
        "title": "Vision SDK for iOS",
      },
      "title": "Overview",
    },
    "/docs-starter-kit/vision/specification/": Object {
      "parent": "/docs-starter-kit/vision/specification/",
      "section": Object {
        "path": "vision",
        "title": "Vision SDK for iOS",
      },
      "title": "Specification",
    },
  },
  "maps": Object {
    "accordion": Object {
      "/docs-starter-kit/maps/overview/": Array [
        Object {
          "path": "/docs-starter-kit/maps/overview/",
          "title": "Overview",
        },
        Object {
          "path": "/docs-starter-kit/maps/overview/layouts/",
          "title": "Layouts",
        },
        Object {
          "path": "/docs-starter-kit/maps/overview/navigation/",
          "title": "Navigation",
        },
        Object {
          "path": "/docs-starter-kit/maps/overview/images/",
          "title": "Images and videos",
        },
        Object {
          "path": "/docs-starter-kit/maps/overview/constants/",
          "title": "Constants",
        },
        Object {
          "path": "/docs-starter-kit/maps/overview/frontmatter/",
          "tag": "fundamentals",
          "title": "Frontmatter",
        },
      ],
    },
    "navTabs": Array [
      Object {
        "href": "/docs-starter-kit/maps/overview/",
        "id": "/docs-starter-kit/maps/overview/",
        "label": "Overview",
      },
      Object {
        "href": "/docs-starter-kit/maps/specification/",
        "id": "/docs-starter-kit/maps/specification/",
        "label": "Specification",
      },
      Object {
        "href": "/docs-starter-kit/maps/examples/",
        "id": "/docs-starter-kit/maps/examples/",
        "label": "Examples",
      },
    ],
    "path": "maps",
    "title": "Maps SDK for iOS",
  },
  "navigation": Object {
    "accordion": Object {
      "/docs-starter-kit/navigation/overview/": Array [
        Object {
          "path": "/docs-starter-kit/navigation/overview/",
          "title": "Overview",
        },
        Object {
          "path": "/docs-starter-kit/navigation/overview/layouts/",
          "title": "Layouts",
        },
        Object {
          "path": "/docs-starter-kit/navigation/overview/navigation/",
          "title": "Navigation",
        },
        Object {
          "path": "/docs-starter-kit/navigation/overview/images/",
          "title": "Images and videos",
        },
        Object {
          "path": "/docs-starter-kit/navigation/overview/constants/",
          "title": "Constants",
        },
        Object {
          "path": "/docs-starter-kit/navigation/overview/frontmatter/",
          "tag": "fundamentals",
          "title": "Frontmatter",
        },
      ],
    },
    "navTabs": Array [
      Object {
        "href": "/docs-starter-kit/navigation/overview/",
        "id": "/docs-starter-kit/navigation/overview/",
        "label": "Overview",
      },
      Object {
        "href": "/docs-starter-kit/navigation/specification/",
        "id": "/docs-starter-kit/navigation/specification/",
        "label": "Specification",
      },
      Object {
        "href": "/docs-starter-kit/navigation/examples/",
        "id": "/docs-starter-kit/navigation/examples/",
        "label": "Examples",
      },
    ],
    "path": "navigation",
    "title": "Navigation SDK for iOS",
  },
  "vision": Object {
    "accordion": Object {
      "/docs-starter-kit/vision/overview/": Array [
        Object {
          "path": "/docs-starter-kit/vision/overview/",
          "title": "Overview",
        },
        Object {
          "path": "/docs-starter-kit/vision/overview/layouts/",
          "title": "Layouts",
        },
        Object {
          "path": "/docs-starter-kit/vision/overview/navigation/",
          "title": "Navigation",
        },
        Object {
          "path": "/docs-starter-kit/vision/overview/images/",
          "title": "Images and videos",
        },
        Object {
          "path": "/docs-starter-kit/vision/overview/constants/",
          "title": "Constants",
        },
        Object {
          "path": "/docs-starter-kit/vision/overview/frontmatter/",
          "tag": "fundamentals",
          "title": "Frontmatter",
        },
      ],
    },
    "navTabs": Array [
      Object {
        "href": "/docs-starter-kit/vision/overview/",
        "id": "/docs-starter-kit/vision/overview/",
        "label": "Overview",
      },
      Object {
        "href": "/docs-starter-kit/vision/specification/",
        "id": "/docs-starter-kit/vision/specification/",
        "label": "Specification",
      },
      Object {
        "href": "/docs-starter-kit/vision/examples/",
        "id": "/docs-starter-kit/vision/examples/",
        "label": "Examples",
      },
    ],
    "path": "vision",
    "title": "Vision SDK for iOS",
  },
}
`;

exports[`buildNavigation single structure 1`] = `
Object {
  "accordion": Object {
    "/dr-ui/": Array [
      Object {
        "path": "/dr-ui/guides/",
        "title": "Guides",
      },
      Object {
        "path": "/dr-ui/guides/batfish-helpers/",
        "title": "Batfish helpers",
      },
      Object {
        "path": "/dr-ui/guides/page-layout/",
        "title": "PageLayout component",
      },
      Object {
        "path": "/dr-ui/guides/split-pages/",
        "title": "Split pages",
      },
      Object {
        "path": "/dr-ui/guides/multi-structured/",
        "title": "Multi-structured sites",
      },
    ],
    "/dr-ui/guides/": Array [
      Object {
        "path": "/dr-ui/guides/",
        "title": "Guides",
      },
      Object {
        "path": "/dr-ui/guides/batfish-helpers/",
        "title": "Batfish helpers",
      },
      Object {
        "path": "/dr-ui/guides/page-layout/",
        "title": "PageLayout component",
      },
      Object {
        "path": "/dr-ui/guides/split-pages/",
        "title": "Split pages",
      },
      Object {
        "path": "/dr-ui/guides/multi-structured/",
        "title": "Multi-structured sites",
      },
    ],
  },
  "hierarchy": Object {
    "/dr-ui/": Object {
      "parent": "/dr-ui/",
      "title": "Components",
    },
    "/dr-ui/changelog/": Object {
      "parent": "/dr-ui/",
      "title": "Components",
    },
    "/dr-ui/examples/": Object {
      "parent": "/dr-ui/examples/",
      "title": "Examples",
    },
    "/dr-ui/examples/example-1/": Object {
      "parent": "/dr-ui/examples/",
      "title": "Examples",
    },
    "/dr-ui/examples/example-2/": Object {
      "parent": "/dr-ui/examples/",
      "title": "Examples",
    },
    "/dr-ui/examples/example-3/": Object {
      "parent": "/dr-ui/examples/",
      "title": "Examples",
    },
    "/dr-ui/examples/example-4/": Object {
      "parent": "/dr-ui/examples/",
      "title": "Examples",
    },
    "/dr-ui/examples/example-5/": Object {
      "parent": "/dr-ui/examples/",
      "title": "Examples",
    },
    "/dr-ui/guides/": Object {
      "parent": "/dr-ui/guides/",
      "title": "Guides",
    },
    "/dr-ui/guides/batfish-helpers/": Object {
      "parent": "/dr-ui/guides/",
      "title": "Guides",
    },
    "/dr-ui/guides/multi-structured/": Object {
      "parent": "/dr-ui/guides/",
      "title": "Guides",
    },
    "/dr-ui/guides/page-layout/": Object {
      "parent": "/dr-ui/guides/",
      "title": "Guides",
    },
    "/dr-ui/guides/split-pages/": Object {
      "parent": "/dr-ui/guides/",
      "title": "Guides",
    },
    "/dr-ui/help/": Object {
      "parent": "/dr-ui/help/",
      "title": "Help",
    },
  },
  "navTabs": Array [
    Object {
      "href": "/dr-ui/",
      "id": "/dr-ui/",
      "label": "Components",
    },
    Object {
      "href": "/dr-ui/guides/",
      "id": "/dr-ui/guides/",
      "label": "Guides",
    },
    Object {
      "href": "/dr-ui/examples/",
      "id": "/dr-ui/examples/",
      "label": "Examples",
    },
    Object {
      "href": "/dr-ui/help/",
      "id": "/dr-ui/help/",
      "label": "Help",
    },
  ],
}
`;
