// Jest Snapshot v1, https://goo.gl/fbAQLP

exports[`Md Basic renders as expected 1`] = `null`;
