// Jest Snapshot v1, https://goo.gl/fbAQLP

exports[`Workflow 2 - I like this page Check UI element state 1`] = `
<Feedback
  feedbackSentryDsn="https://eccc8b561b9a461990309b01d33d54e3@sentry.io/1848287"
  location={
    Object {
      "hash": "#lnglat",
      "pathname": "/mapbox-gl-js/api/",
    }
  }
  site="dr-ui"
  type="page"
  webhook={
    Object {
      "production": "",
      "staging": "",
    }
  }
>
  <FeedbackWrapper
    helpful={true}
    title="I like this page"
  >
    <div
      className="dr-ui--feedback wmax300"
    >
      <div
        className="bg-gray-faint round py12 px12"
      >
        <div
          className="flex-parent flex-parent--column"
        >
          <div
            className="flex-child flex-parent flex-parent--space-between-main w-full mb12"
          >
            <div
              className="flex-child txt-bold"
            >
              I like this page
            </div>
            <div
              className="flex-child"
            >
              <Tooltip
                alignment="center"
                block={false}
                coloring="light"
                content="Close"
                disabled={false}
                maxWidth="medium"
                padding="small"
                placement="top"
                respondsToClick={false}
                textSize="s"
              >
                <PopoverTrigger
                  block={false}
                  content={
                    <div
                      className="txt-s wmax240"
                    >
                      Close
                    </div>
                  }
                  disabled={false}
                  popoverProps={
                    Object {
                      "alignment": "center",
                      "coloring": "light",
                      "hasPointer": true,
                      "hideWhenAnchorIsOffscreen": true,
                      "padding": "small",
                      "passthroughProps": Object {
                        "id": "tooltip-6",
                        "role": "tooltip",
                      },
                      "placement": "top",
                    }
                  }
                  receiveFocus={false}
                  renderHiddenContent={true}
                  respondsToClick={false}
                  respondsToFocus={true}
                  respondsToHover={true}
                  trapFocus={false}
                >
                  <div
                    className="inline-block"
                    onBlur={[Function]}
                    onClick={[Function]}
                    onFocus={[Function]}
                    onKeyDown={[Function]}
                  >
                    <button
                      aria-describedby="tooltip-6"
                      aria-label="Close feedback"
                      className="link--gray"
                      id="feedback-close-button"
                      onClick={[Function]}
                    >
                      <Icon
                        inline={false}
                        name="close"
                        passthroughProps={Object {}}
                        size={18}
                      >
                        <svg
                          className="events-none icon"
                          focusable="false"
                          role="presentation"
                          style={
                            Object {
                              "height": 18,
                              "width": 18,
                            }
                          }
                        >
                          <use
                            xlinkHref="#icon-close"
                            xmlnsXlink="http://www.w3.org/1999/xlink"
                          />
                        </svg>
                      </Icon>
                    </button>
                    <div
                      className="hide-visually"
                      id="tooltip-6"
                      role="tooltip"
                    >
                      <div
                        className="txt-s wmax240"
                      >
                        Close
                      </div>
                    </div>
                  </div>
                </PopoverTrigger>
              </Tooltip>
            </div>
          </div>
          <div
            className="flex-child mb6 prose"
          >
            <CategoryLike
              leadText="Tell us what you like about this page."
              options={
                Array [
                  Object {
                    "label": "I found what I need",
                    "value": "I found what I need",
                  },
                  Object {
                    "label": "The information is accurate",
                    "value": "The information is accurate",
                  },
                  Object {
                    "label": "The page is easy to understand",
                    "value": "Easy to understand",
                  },
                  Object {
                    "label": "Something else",
                    "value": "Something else",
                  },
                ]
              }
              placeholder="What did you like?"
              submitFeedback={[Function]}
            >
              <p>
                Tell us what you like about this page.
              </p>
              <ControlCheckboxSet
                autoFocus={false}
                icon="check"
                id="feedback-category-like"
                legend="Select all that apply"
                onChange={[Function]}
                optional={false}
                options={
                  Array [
                    Object {
                      "label": "I found what I need",
                      "value": "I found what I need",
                    },
                    Object {
                      "label": "The information is accurate",
                      "value": "The information is accurate",
                    },
                    Object {
                      "label": "The page is easy to understand",
                      "value": "Easy to understand",
                    },
                    Object {
                      "label": "Something else",
                      "value": "Something else",
                    },
                  ]
                }
                themeCheckbox="mr6 inline-block checkbox--gray checkbox--s-label"
                themeCheckboxContainer="txt-s block mb6 flex-parent"
                value={Array []}
              >
                <ControlWrapper
                  id="feedback-category-like"
                  themeControlWrapper=""
                >
                  <div
                    className="relative "
                  >
                    <fieldset>
                      <ControlLegend
                        id="feedback-category-like"
                        optional={false}
                        text="Select all that apply"
                        themeLegend="txt-s txt-bold mb6"
                      >
                        <div>
                          <legend
                            className="inline-block txt-s txt-bold mb6"
                            htmlFor="feedback-category-like"
                          >
                            Select all that apply
                             
                          </legend>
                        </div>
                      </ControlLegend>
                      <div
                        data-test="feedback-category-like-input"
                        id="feedback-category-like"
                      >
                        <label
                          className="checkbox-container txt-s block mb6 flex-parent"
                          key="I found what I need"
                        >
                          <input
                            aria-checked={false}
                            autoFocus={false}
                            checked={false}
                            name="feedback-category-like"
                            onChange={[Function]}
                            role="checkbox"
                            type="checkbox"
                            value="I found what I need"
                          />
                          <div
                            className="mr6 inline-block checkbox--gray checkbox--s-label checkbox"
                          >
                            <Icon
                              inline={false}
                              name="check"
                              passthroughProps={Object {}}
                              size={18}
                            >
                              <svg
                                className="events-none icon"
                                focusable="false"
                                role="presentation"
                                style={
                                  Object {
                                    "height": 18,
                                    "width": 18,
                                  }
                                }
                              >
                                <use
                                  xlinkHref="#icon-check"
                                  xmlnsXlink="http://www.w3.org/1999/xlink"
                                />
                              </svg>
                            </Icon>
                          </div>
                          I found what I need
                        </label>
                        <label
                          className="checkbox-container txt-s block mb6 flex-parent"
                          key="The information is accurate"
                        >
                          <input
                            aria-checked={false}
                            autoFocus={false}
                            checked={false}
                            name="feedback-category-like"
                            onChange={[Function]}
                            role="checkbox"
                            type="checkbox"
                            value="The information is accurate"
                          />
                          <div
                            className="mr6 inline-block checkbox--gray checkbox--s-label checkbox"
                          >
                            <Icon
                              inline={false}
                              name="check"
                              passthroughProps={Object {}}
                              size={18}
                            >
                              <svg
                                className="events-none icon"
                                focusable="false"
                                role="presentation"
                                style={
                                  Object {
                                    "height": 18,
                                    "width": 18,
                                  }
                                }
                              >
                                <use
                                  xlinkHref="#icon-check"
                                  xmlnsXlink="http://www.w3.org/1999/xlink"
                                />
                              </svg>
                            </Icon>
                          </div>
                          The information is accurate
                        </label>
                        <label
                          className="checkbox-container txt-s block mb6 flex-parent"
                          key="Easy to understand"
                        >
                          <input
                            aria-checked={false}
                            autoFocus={false}
                            checked={false}
                            name="feedback-category-like"
                            onChange={[Function]}
                            role="checkbox"
                            type="checkbox"
                            value="Easy to understand"
                          />
                          <div
                            className="mr6 inline-block checkbox--gray checkbox--s-label checkbox"
                          >
                            <Icon
                              inline={false}
                              name="check"
                              passthroughProps={Object {}}
                              size={18}
                            >
                              <svg
                                className="events-none icon"
                                focusable="false"
                                role="presentation"
                                style={
                                  Object {
                                    "height": 18,
                                    "width": 18,
                                  }
                                }
                              >
                                <use
                                  xlinkHref="#icon-check"
                                  xmlnsXlink="http://www.w3.org/1999/xlink"
                                />
                              </svg>
                            </Icon>
                          </div>
                          The page is easy to understand
                        </label>
                        <label
                          className="checkbox-container txt-s block mb6 flex-parent"
                          key="Something else"
                        >
                          <input
                            aria-checked={false}
                            autoFocus={false}
                            checked={false}
                            name="feedback-category-like"
                            onChange={[Function]}
                            role="checkbox"
                            type="checkbox"
                            value="Something else"
                          />
                          <div
                            className="mr6 inline-block checkbox--gray checkbox--s-label checkbox"
                          >
                            <Icon
                              inline={false}
                              name="check"
                              passthroughProps={Object {}}
                              size={18}
                            >
                              <svg
                                className="events-none icon"
                                focusable="false"
                                role="presentation"
                                style={
                                  Object {
                                    "height": 18,
                                    "width": 18,
                                  }
                                }
                              >
                                <use
                                  xlinkHref="#icon-check"
                                  xmlnsXlink="http://www.w3.org/1999/xlink"
                                />
                              </svg>
                            </Icon>
                          </div>
                          Something else
                        </label>
                      </div>
                    </fieldset>
                    <div
                      role="alert"
                    />
                  </div>
                </ControlWrapper>
              </ControlCheckboxSet>
              <FeedbackButton
                disabled={true}
                onClick={[Function]}
              >
                <button
                  className="btn mt6"
                  disabled={true}
                  id="feedback-submit-button"
                  onClick={[Function]}
                >
                  Submit feedback
                </button>
              </FeedbackButton>
            </CategoryLike>
          </div>
        </div>
      </div>
    </div>
  </FeedbackWrapper>
</Feedback>
`;
