// Jest Snapshot v1, https://goo.gl/fbAQLP

exports[`Sent text feedback snapshot 1`] = `
<div
  className="dr-ui--feedback"
>
  <AsideHeading>
    Thanks for your feedback.
  </AsideHeading>
</div>
`;
