// Jest Snapshot v1, https://goo.gl/fbAQLP

exports[`navigation-dropdown Basic renders as expected 1`] = `
<div
  className="relative "
>
  <div
    className="select-container "
  >
    <select
      aria-required={true}
      className="select select--stroke round-full bg-white"
      data-test="navigate-this-section-select"
      disabled={false}
      id="navigate-this-section"
      onChange={[Function]}
      value="page-one"
    >
      <option
        value="page-one"
      >
        Title one
      </option>
      <option
        value="page-two"
      >
        Title two
      </option>
    </select>
    <div
      className="select-arrow"
    />
  </div>
  <div
    role="alert"
  />
</div>
`;
